[www.liberaracesso.com/tiger/index096e.html]
[backblue.gif]
[fade.gif]
[index.html]
[www.liberaracesso.com/wp-content/plugins/elementor/assets/lib/eicons/css/elementor-icons.min192d.css]
[www.liberaracesso.com/wp-content/plugins/elementor/assets/css/frontend-lite.minf92b.css]
[www.liberaracesso.com/wp-content/plugins/elementor/assets/lib/swiper/v8/css/swiper.min94a4.css]
[www.liberaracesso.com/wp-content/uploads/elementor/css/post-63d33.css]
[www.liberaracesso.com/wp-content/plugins/pro-elements/assets/css/frontend-lite.min5829.css]
[www.liberaracesso.com/wp-content/uploads/elementor/css/globala4e9.css]
[www.liberaracesso.com/wp-content/uploads/elementor/css/post-3601e39.css]
[www.liberaracesso.com/wp-content/plugins/elementor/assets/lib/font-awesome/css/fontawesome.min52d5.css]
[www.liberaracesso.com/wp-content/plugins/elementor/assets/lib/font-awesome/css/regular.min52d5.css]
[www.liberaracesso.com/wp-content/plugins/elementor/assets/lib/font-awesome/css/brands.min52d5.css]
[www.liberaracesso.com/wp-content/plugins/elementor/assets/lib/font-awesome/css/solid.min52d5.css]
[connect.facebook.net/en_US/fbevents.js]
[www.liberaracesso.com/wp-content/uploads/2023/10/p1-1-300x300.jpg]
[www.liberaracesso.com/tiger/index.html]
[www.liberaracesso.com/wp-content/plugins/elementor/assets/css/widget-icon-box.min.css]
[www.liberaracesso.com/wp-content/plugins/elementor/assets/css/widget-icon-list.min.css]
[www.liberaracesso.com/wp-content/uploads/2023/10/WhatsApp-Image-2023-08-10-at-10.56.30-PM-1.jpg]
[www.liberaracesso.com/wp-content/uploads/2023/10/WhatsApp-Image-2023-08-10-at-10.56.39-PM-2.jpg]
[www.liberaracesso.com/wp-content/uploads/2023/10/WhatsApp-Image-2023-09-11-at-8.29.44-PM.jpg]
[www.liberaracesso.com/wp-content/uploads/2023/10/selo-garantia-incondicional-7-dias-299x300-1.png]
[www.liberaracesso.com/wp-content/plugins/pro-elements/assets/js/webpack-pro.runtime.min5829.js]
[www.liberaracesso.com/wp-content/plugins/elementor/assets/js/webpack.runtime.minf92b.js]
[www.liberaracesso.com/wp-includes/js/jquery/jquery.min3088.js]
[www.liberaracesso.com/wp-includes/js/jquery/jquery-migrate.min5589.js]
[www.liberaracesso.com/wp-content/plugins/elementor/assets/js/frontend-modules.minf92b.js]
[www.liberaracesso.com/wp-includes/js/dist/vendor/wp-polyfill-inert.min0226.js]
[www.liberaracesso.com/wp-includes/js/dist/vendor/regenerator-runtime.min8fa4.js]
[www.liberaracesso.com/wp-includes/js/dist/vendor/wp-polyfill.min2c7c.js]
[www.liberaracesso.com/wp-includes/js/dist/hooks.min2ebd.js]
[www.liberaracesso.com/wp-includes/js/dist/i18n.minf92f.js]
[www.liberaracesso.com/wp-content/plugins/pro-elements/assets/js/frontend.min5829.js]
[www.liberaracesso.com/wp-content/plugins/elementor/assets/lib/waypoints/waypoints.min05da.js]
[www.liberaracesso.com/wp-includes/js/jquery/ui/core.min3f14.js]
[www.liberaracesso.com/wp-content/plugins/elementor/assets/js/frontend.minf92b.js]
[www.liberaracesso.com/wp-content/plugins/pro-elements/assets/js/elements-handlers.min5829.js]
[www.liberaracesso.com/tiger/index096e.html]
[www.liberaracesso.com/wp-content/plugins/elementor/assets/lib/eicons/css/elementor-icons.min192d.css]
[www.liberaracesso.com/wp-content/plugins/elementor/assets/css/frontend-lite.minf92b.css]
[www.liberaracesso.com/wp-content/plugins/elementor/assets/lib/swiper/v8/css/swiper.min94a4.css]
[www.liberaracesso.com/wp-content/uploads/elementor/css/post-63d33.css]
[www.liberaracesso.com/wp-content/plugins/pro-elements/assets/css/frontend-lite.min5829.css]
[www.liberaracesso.com/wp-content/uploads/elementor/css/globala4e9.css]
[www.liberaracesso.com/wp-content/uploads/elementor/css/post-3601e39.css]
[www.liberaracesso.com/wp-content/plugins/elementor/assets/lib/font-awesome/css/fontawesome.min52d5.css]
[www.liberaracesso.com/wp-content/plugins/elementor/assets/lib/font-awesome/css/regular.min52d5.css]
[www.liberaracesso.com/wp-content/plugins/elementor/assets/lib/font-awesome/css/brands.min52d5.css]
[www.liberaracesso.com/wp-content/plugins/elementor/assets/lib/font-awesome/css/solid.min52d5.css]
[www.liberaracesso.com/tiger/index.html]
[www.liberaracesso.com/tiger/POST]
[www.liberaracesso.com/tiger/b.resolvedLink]
[www.liberaracesso.com/tiger/schema.org/index.html]
[www.liberaracesso.com/signals/iwl.js]
[connect.facebook.net/en_US/fbevents.js]
[www.liberaracesso.com/wp-content/plugins/elementor/assets/css/widget-icon-box.min.css]
[www.liberaracesso.com/wp-content/plugins/elementor/assets/css/widget-icon-list.min.css]
[www.liberaracesso.com/tiger/POST.html]
[www.liberaracesso.com/tiger/schema.org/index.html]
[www.liberaracesso.com/tiger/b.html]
[www.liberaracesso.com/signals/iwl.html]
